Script started on Sun 11 Mar 2018 07:53:04 PM PDT
jonguyen@ada:~/Documents/CS201/jonguyen$ exitmake[2Plscd DocumentsOc[K[4Plscd DOcocumentsls[Kmakeexit[Kls
assignment4.c  makefile  typescript
jonguyen@ada:~/Documents/CS201/jonguyen$ make
gcc   assignment4.c -lm -o assignment4
jonguyen@ada:~/Documents/CS201/jonguyen$ make[2Plsexitmake[2Plsmakeexit[2Plsmake[K./assignment4 FF12[K[K[K21[K[K[K0xFA -12 0x31 300

0. Exit
1. Addition
2. Subtraction
3. Multiplication
4. Division
5. Modulo
6. Reverse Input

Enter Number: 0
Invoking Exit

Exitedjonguyen@ada:~/Documents/CS201/jonguyen$ ./assignment4 0xFA -12 0x31 300

0. Exit
1. Addition
2. Subtraction
3. Multiplication
4. Division
5. Modulo
6. Reverse Input

Enter Number: 1^[[A     1
Invoking Addition

Total: 250.000000
argList.argi[0]: 250.000000
Total: 238.000000
argList.argi[1]: -12.000000
Total: 287.000000
argList.argi[2]: 49.000000
Total: 587.000000
argList.argi[3]: 300.000000
Total: 587.000000
jonguyen@ada:~/Documents/CS201/jonguyen$ ./assignment4 0xFA -12 0x31 3002[K

0. Exit
1. Addition
2. Subtraction
3. Multiplication
4. Division
5. Modulo
6. Reverse Input

Enter Number: 2
Invoking Subtraction

Total: -87.000000
jonguyen@ada:~/Documents/CS201/jonguyen$ ./assignment4 0xFA -12 0x31 300

0. Exit
1. Addition
2. Subtraction
3. Multiplication
4. Division
5. Modulo
6. Reverse Input

Enter Number: 3
Invoking Multiplication

Total: -44100000.000000
jonguyen@ada:~/Documents/CS201/jonguyen$ ./assignment4 0xFA -12 0x31 300[K[K[K[K[K[K[K[K[K

0. Exit
1. Addition
2. Subtraction
3. Multiplication
4. Division
5. Modulo
6. Reverse Input

Enter Number: 4
Invoking Division

Total: -20.833334
jonguyen@ada:~/Documents/CS201/jonguyen$ ./assignment4 0xFA -12

0. Exit
1. Addition
2. Subtraction
3. Multiplication
4. Division
5. Modulo
6. Reverse Input

Enter Number: 5
Invoking Modulo

Total: 10
jonguyen@ada:~/Documents/CS201/jonguyen$ ./assignment4 0xFA -12

0. Exit
1. Addition
2. Subtraction
3. Multiplication
4. Division
5. Modulo
6. Reverse Input

Enter Number: 6
Invoking Reverse Input

21- AFx0 
jonguyen@ada:~/Documents/CS201/jonguyen$ ./assignment4 0xFA -12[K[K[K[K[K[K[K[K[K hello  -12 [K[K[K[K[K-12 )X[K[K0[K)x[K[K0x12[K[K12 3000[K )[K0x3[KFA

0. Exit
1. Addition
2. Subtraction
3. Multiplication
4. Division
5. Modulo
6. Reverse Input

Enter Number: 6
Invoking Reverse Input

AFx0 003 21x0 21- olleh 
jonguyen@ada:~/Documents/CS201/jonguyen$ ./assignment4 hello -12 0x12 300 0xFA

0. Exit
1. Addition
2. Subtraction
3. Multiplication
4. Division
5. Modulo
6. Reverse Input

Enter Number: 7
[ERROR]: Invalid option. 
Enter Number: ^[[A    0
Invoking Exit

Exitedjonguyen@ada:~/Documents/CS201/jonguyen$ ./assignment4 hello -12 0x12 300 0xFA [K[K[K[K[K[K[K[K[K[K[K[K[K[K[K[K[K[K[K[K[K[K[K[K1 2 3 4 5 6 7 8 19[K[K9 10 11 12 13 14 15 16
[ERROR]: Enter between 1 to 15 command-line arguments. 

jonguyen@ada:~/Documents/CS201/jonguyen$ ./assignment4 1 2 3 4 5 6 7 8 9 10 11 12 13 14 15 16[K[K[K[K[K[K[K[K[K[K[K[K[K[K[K[K[K[K[K[K[K[K[K[K[K[K[K[K[K[K[K[K[K[K[K[K[K[K[K
[ERROR]: Enter between 1 to 15 command-line arguments. 

jonguyen@ada:~/Documents/CS201/jonguyen$ exit
exit

Script done on Sun 11 Mar 2018 07:56:09 PM PDT
